// Jest Snapshot v1, https://goo.gl/fbAQLP

exports[`Footer renders a snapshot proprely 1`] = `
<footer
  className="footer"
>
  <div
    className="container"
  >
    <small
      className="has-text-grey"
    >
      <span>
        Copyright 2019 
        <a
          href="https://github.com/mihalw28"
        >
          mihalw28
        </a>
        .
      </span>
    </small>
  </div>
</footer>
`;
